// Jest Snapshot v1, https://goo.gl/fbAQLP

exports[`matches component output with expected output 1`] = `
<button
  className="toggle "
  onClick={[Function]}
  type="button"
>
  <test-file-stub
    className="menuIcon"
  />
  <test-file-stub
    className="closeIcon"
  />
</button>
`;
