// Jest Snapshot v1, https://goo.gl/fbAQLP

exports[`matches output with  snapshot 1`] = `
<div
  className="container"
>
  <p
    className="date"
  >
    Monday, September 23
  </p>
  <p
    className="date"
  >
    8:30
  </p>
</div>
`;
