// Jest Snapshot v1, https://goo.gl/fbAQLP

exports[`matches component output with expected output 1`] = `
<main
  className="layout"
/>
`;
